// Jest Snapshot v1, https://goo.gl/fbAQLP

exports[`<Button /> should render the button 1`] = `
.c0 {
  background: transparent;
  padding: 0.8rem calc(1.6rem - 0.2rem);
  font-size: 1.6rem;
  font-weight: 700;
  border: 2px solid #ffffff;
  border-radius: 0.8rem;
  color: #ffffff;
  outline: none;
  -webkit-transition: box-shadow,background-color 0.3s cubic-bezier(0.4,0,0.2,1);
  transition: box-shadow,background-color 0.3s cubic-bezier(0.4,0,0.2,1);
}

.c0:hover {
  background-color: #8C8C8C35;
}

.c0:focus-visible {
  box-shadow: 0 0 0 0.3rem #cbd736;
}

<button
  class="c0"
>
  Button text
</button>
`
