// Jest Snapshot v1, https://goo.gl/fbAQLP

exports[
  `<Pagination /> should render the pagination with left and right pages and trigger change function if clicked 1`
] = `
.c3 {
  display: inline-block;
  vertical-align: middle;
  overflow: hidden;
}

.c0 {
  display: -webkit-box;
  display: -webkit-flex;
  display: -ms-flexbox;
  display: flex;
  -webkit-align-items: center;
  -webkit-box-align: center;
  -ms-flex-align: center;
  align-items: center;
}

.c4 {
  display: -webkit-inline-box;
  display: -webkit-inline-flex;
  display: -ms-inline-flexbox;
  display: inline-flex;
  -webkit-align-items: center;
  -webkit-box-align: center;
  -ms-flex-align: center;
  align-items: center;
  gap: 2.4rem;
  margin-right: 4.8rem;
  margin-left: 4.8rem;
  list-style: none;
}

.c1 {
  display: -webkit-box;
  display: -webkit-flex;
  display: -ms-flexbox;
  display: flex;
  -webkit-align-items: center;
  -webkit-box-align: center;
  -ms-flex-align: center;
  align-items: center;
  -webkit-box-pack: center;
  -webkit-justify-content: center;
  -ms-flex-pack: center;
  justify-content: center;
  outline: none;
  border: none;
  background: none;
  font-size: 1.8rem;
  color: #D3D3D3;
  line-height: 1;
  height: 3.2rem;
  width: 3.2rem;
  -webkit-transition: 0.1s cubic-bezier(0.4,0,0.2,1);
  transition: 0.1s cubic-bezier(0.4,0,0.2,1);
  border-radius: 50%;
}

.c1:not(:disabled):hover {
  background: #606060;
}

.c5 {
  display: none;
}

.c7 {
  display: block;
}

.c7 .{
  color: #cbd736;
}

.c6 {
  display: -webkit-box;
  display: -webkit-flex;
  display: -ms-flexbox;
  display: flex;
  -webkit-align-items: center;
  -webkit-box-align: center;
  -ms-flex-align: center;
  align-items: center;
  -webkit-box-pack: center;
  -webkit-justify-content: center;
  -ms-flex-pack: center;
  justify-content: center;
  font-size: 1.8rem;
  color: #D3D3D3;
  line-height: 1;
  height: 3.2rem;
  width: 3.2rem;
  border-radius: 50%;
}

.c2 > svg {
  color: #ffffff;
}

@media (min-width:768px) {
  .c5 {
    display: block;
  }
}

@media (min-width:768px) {
  .c7 {
    display: block;
  }
}

<nav
  class="c0"
>
  <button
    aria-label="Previous page button"
    class="c1 c2"
  >
    <svg
      aria-hidden="true"
      class="c3"
      fill="none"
      focusable="false"
      height="24"
      stroke="currentColor"
      stroke-linecap="round"
      stroke-linejoin="round"
      stroke-width="2"
      viewBox="0 0 24 24"
      width="24"
      xmlns="http://www.w3.org/2000/svg"
    >
      <polyline
        points="15 18 9 12 15 6"
      />
    </svg>
  </button>
  <ul
    class="c4"
  >
    <li
      class="c5"
    >
      <button
        class="c1"
      >
        1
      </button>
    </li>
    <li
      class="c5"
    >
      <div
        class="c6"
      >
        ...
      </div>
    </li>
    <li
      class="c5"
    >
      <button
        class="c1"
      >
        4
      </button>
    </li>
    <li
      class="c7"
    >
      <button
        class="c1"
      >
        5
      </button>
    </li>
    <li
      class="c5"
    >
      <button
        class="c1"
      >
        6
      </button>
    </li>
    <li
      class="c5"
    >
      <div
        class="c6"
      >
        ...
      </div>
    </li>
    <li
      class="c5"
    >
      <button
        class="c1"
      >
        10
      </button>
    </li>
  </ul>
  <button
    aria-label="Next page button"
    class="c1 c2"
  >
    <svg
      aria-hidden="true"
      class="c3"
      fill="none"
      focusable="false"
      height="24"
      stroke="currentColor"
      stroke-linecap="round"
      stroke-linejoin="round"
      stroke-width="2"
      viewBox="0 0 24 24"
      width="24"
      xmlns="http://www.w3.org/2000/svg"
    >
      <polyline
        points="9 18 15 12 9 6"
      />
    </svg>
  </button>
</nav>
`
